EAL: Detected CPU lcores: 12
EAL: Detected NUMA nodes: 1
EAL: Detected shared linkage of DPDK
EAL: Multi-process socket /var/run/dpdk/rte/mp_socket
EAL: Selected IOVA mode 'VA'
TELEMETRY: No legacy callbacks, legacy socket not created

🚀 SELECTED MODE: PURE CPU MULTI-WORKERS [DPDK STREAMING] (11 allocated core(s), 1 RX Queue(s), 128 Batches/Queue)
[Setup] 21145 patterns loaded from Rules/patterns.txt
[DPDK Config] Configuring Port 0 with 1 RX Queue(s)...
[Launch] Core 1 dedicated to DPDK capture (RX Queue 0)
[Launch] Core 2 dedicated to CPU analysis worker
[Launch] Core 3 dedicated to CPU analysis worker
[Launch] Core 4 dedicated to CPU analysis worker
[Launch] Core 5 dedicated to CPU analysis worker
[Launch] Core 6 dedicated to CPU analysis worker
[Launch] Core 7 dedicated to CPU analysis worker
[Launch] Core 8 dedicated to CPU analysis worker
[Launch] Core 9 dedicated to CPU analysis worker
[Launch] Core 10 dedicated to CPU analysis worker

==================================================
📊 AUTO-ADAPTIVE NIDS BENCHMARK (PURE CPU MODE)
==================================================
Allocated Cores        : 11
Active RX Queues       : 1
Execution Time         : 4.3538 s
Effective Throughput   : 9.44 Gbps 🚀
AC Matches             : 24892829
==================================================

